[2025-08-22 04:24:15][INFO] CLI arguments: {'dataset': 'cifar10', 'data_root': WindowsPath('data'), 'backbone': 'vit_tiny_patch16_224', 'redundancy': 0.5, 'learnable_A': True, 'no_nncl': False, 'dropout_p': 0.1, 'noise_std': 0.0, 'erasure_rates': [0.0, 0.1, 0.2, 0.3, 0.4, 0.5, 0.6, 0.7, 0.8, 0.9], 'epochs': 60, 'batch': 128, 'warmup_epochs': 5, 'aux_rec_loss': True, 'lambda_rec': 0.5, 'num_workers': 8, 'seed': 42, 'deterministic': False, 'device': 'cuda', 'save_path': 'results_add\\c10_vit_tiny_nncl_learnA_lambda0.5_seed42.pth', 'csv_out': WindowsPath('results_add/c10_vit_tiny_nncl_learnA_lambda0.5_seed42_eval90.csv'), 'use_masked_var': False, 'lr': 3e-05}
[2025-08-22 04:24:15][INFO] 
==================== Starting Experiment ====================
[2025-08-22 04:24:15][INFO] Backbone: vit_tiny_patch16_224, Dataset: cifar10, Dropout: 0.1, Noise: 0.0, Seed: 42
[2025-08-22 04:24:16][INFO] Loading pretrained weights from Hugging Face hub (timm/vit_tiny_patch16_224.augreg_in21k_ft_in1k)
[2025-08-22 04:24:16][INFO] [timm/vit_tiny_patch16_224.augreg_in21k_ft_in1k] Safe alternative available for 'pytorch_model.bin' (as 'model.safetensors'). Loading weights using safetensors.
[2025-08-22 04:24:16][INFO] Optimizer: AdamW, LR: 3.00e-05, Scheduler: 5-epoch warmup with cosine decay.
[2025-08-22 04:29:24][INFO] Ep001/60 | LR 1.20e-05 | TrL 1.371 TrAcc 0.533 TrFR 1.000 | VaL 0.689 VaAcc 0.763 VaFR 1.000
[2025-08-22 04:29:24][INFO] \U0001f389 New best model saved to results_add\c10_vit_tiny_nncl_learnA_lambda0.5_seed42.pth with accuracy: 0.7632
[2025-08-22 04:34:32][INFO] Ep002/60 | LR 1.80e-05 | TrL 0.357 TrAcc 0.879 TrFR 1.000 | VaL 0.219 VaAcc 0.929 VaFR 1.000
[2025-08-22 04:34:32][INFO] \U0001f389 New best model saved to results_add\c10_vit_tiny_nncl_learnA_lambda0.5_seed42.pth with accuracy: 0.9290
[2025-08-22 04:39:41][INFO] Ep003/60 | LR 2.40e-05 | TrL 0.145 TrAcc 0.951 TrFR 1.000 | VaL 0.139 VaAcc 0.954 VaFR 1.000
[2025-08-22 04:39:41][INFO] \U0001f389 New best model saved to results_add\c10_vit_tiny_nncl_learnA_lambda0.5_seed42.pth with accuracy: 0.9537
[2025-08-22 04:44:50][INFO] Ep004/60 | LR 3.00e-05 | TrL 0.080 TrAcc 0.974 TrFR 1.000 | VaL 0.129 VaAcc 0.959 VaFR 1.000
[2025-08-22 04:44:50][INFO] \U0001f389 New best model saved to results_add\c10_vit_tiny_nncl_learnA_lambda0.5_seed42.pth with accuracy: 0.9586
[2025-08-22 04:50:00][INFO] Ep005/60 | LR 3.00e-05 | TrL 0.045 TrAcc 0.985 TrFR 1.000 | VaL 0.159 VaAcc 0.953 VaFR 1.000
[2025-08-22 04:55:09][INFO] Ep006/60 | LR 3.00e-05 | TrL 0.023 TrAcc 0.993 TrFR 1.000 | VaL 0.139 VaAcc 0.962 VaFR 1.000
[2025-08-22 04:55:09][INFO] \U0001f389 New best model saved to results_add\c10_vit_tiny_nncl_learnA_lambda0.5_seed42.pth with accuracy: 0.9623
[2025-08-22 05:00:18][INFO] Ep007/60 | LR 2.99e-05 | TrL 0.016 TrAcc 0.995 TrFR 1.000 | VaL 0.150 VaAcc 0.959 VaFR 1.000
[2025-08-22 05:05:28][INFO] Ep008/60 | LR 2.98e-05 | TrL 0.012 TrAcc 0.996 TrFR 1.000 | VaL 0.128 VaAcc 0.968 VaFR 1.000
[2025-08-22 05:05:28][INFO] \U0001f389 New best model saved to results_add\c10_vit_tiny_nncl_learnA_lambda0.5_seed42.pth with accuracy: 0.9675
[2025-08-22 05:10:38][INFO] Ep009/60 | LR 2.96e-05 | TrL 0.010 TrAcc 0.997 TrFR 1.000 | VaL 0.150 VaAcc 0.965 VaFR 1.000
[2025-08-22 05:15:47][INFO] Ep010/60 | LR 2.94e-05 | TrL 0.013 TrAcc 0.996 TrFR 1.000 | VaL 0.152 VaAcc 0.962 VaFR 1.000
[2025-08-22 05:20:57][INFO] Ep011/60 | LR 2.91e-05 | TrL 0.009 TrAcc 0.997 TrFR 1.000 | VaL 0.161 VaAcc 0.964 VaFR 1.000
[2025-08-22 05:26:07][INFO] Ep012/60 | LR 2.88e-05 | TrL 0.008 TrAcc 0.998 TrFR 1.000 | VaL 0.158 VaAcc 0.964 VaFR 1.000
[2025-08-22 05:31:16][INFO] Ep013/60 | LR 2.85e-05 | TrL 0.008 TrAcc 0.997 TrFR 1.000 | VaL 0.152 VaAcc 0.966 VaFR 1.000
[2025-08-22 05:36:26][INFO] Ep014/60 | LR 2.81e-05 | TrL 0.006 TrAcc 0.998 TrFR 1.000 | VaL 0.170 VaAcc 0.965 VaFR 1.000
[2025-08-22 05:41:35][INFO] Ep015/60 | LR 2.76e-05 | TrL 0.008 TrAcc 0.998 TrFR 1.000 | VaL 0.160 VaAcc 0.965 VaFR 1.000
[2025-08-22 05:46:45][INFO] Ep016/60 | LR 2.71e-05 | TrL 0.004 TrAcc 0.999 TrFR 1.000 | VaL 0.139 VaAcc 0.970 VaFR 1.000
[2025-08-22 05:46:45][INFO] \U0001f389 New best model saved to results_add\c10_vit_tiny_nncl_learnA_lambda0.5_seed42.pth with accuracy: 0.9701
[2025-08-22 05:51:55][INFO] Ep017/60 | LR 2.66e-05 | TrL 0.007 TrAcc 0.998 TrFR 1.000 | VaL 0.152 VaAcc 0.966 VaFR 1.000
[2025-08-22 05:57:04][INFO] Ep018/60 | LR 2.61e-05 | TrL 0.010 TrAcc 0.997 TrFR 1.000 | VaL 0.177 VaAcc 0.964 VaFR 1.000
[2025-08-22 06:02:13][INFO] Ep019/60 | LR 2.55e-05 | TrL 0.004 TrAcc 0.999 TrFR 1.000 | VaL 0.149 VaAcc 0.969 VaFR 1.000
[2025-08-22 06:07:24][INFO] Ep020/60 | LR 2.48e-05 | TrL 0.003 TrAcc 0.999 TrFR 1.000 | VaL 0.180 VaAcc 0.964 VaFR 1.000
[2025-08-22 06:12:32][INFO] Ep021/60 | LR 2.42e-05 | TrL 0.003 TrAcc 0.999 TrFR 1.000 | VaL 0.146 VaAcc 0.969 VaFR 1.000
[2025-08-22 06:17:42][INFO] Ep022/60 | LR 2.35e-05 | TrL 0.003 TrAcc 0.999 TrFR 1.000 | VaL 0.148 VaAcc 0.970 VaFR 1.000
[2025-08-22 06:17:42][INFO] \U0001f389 New best model saved to results_add\c10_vit_tiny_nncl_learnA_lambda0.5_seed42.pth with accuracy: 0.9704
[2025-08-22 06:22:52][INFO] Ep023/60 | LR 2.27e-05 | TrL 0.004 TrAcc 0.999 TrFR 1.000 | VaL 0.176 VaAcc 0.964 VaFR 1.000
[2025-08-22 06:28:01][INFO] Ep024/60 | LR 2.20e-05 | TrL 0.003 TrAcc 0.999 TrFR 1.000 | VaL 0.154 VaAcc 0.970 VaFR 1.000
[2025-08-22 06:33:09][INFO] Ep025/60 | LR 2.12e-05 | TrL 0.002 TrAcc 0.999 TrFR 1.000 | VaL 0.149 VaAcc 0.971 VaFR 1.000
[2025-08-22 06:33:09][INFO] \U0001f389 New best model saved to results_add\c10_vit_tiny_nncl_learnA_lambda0.5_seed42.pth with accuracy: 0.9712
[2025-08-22 06:38:20][INFO] Ep026/60 | LR 2.04e-05 | TrL 0.004 TrAcc 0.999 TrFR 1.000 | VaL 0.156 VaAcc 0.968 VaFR 1.000
[2025-08-22 06:43:29][INFO] Ep027/60 | LR 1.96e-05 | TrL 0.004 TrAcc 0.998 TrFR 1.000 | VaL 0.181 VaAcc 0.967 VaFR 1.000
[2025-08-22 06:48:39][INFO] Ep028/60 | LR 1.88e-05 | TrL 0.002 TrAcc 0.999 TrFR 1.000 | VaL 0.162 VaAcc 0.972 VaFR 1.000
[2025-08-22 06:48:39][INFO] \U0001f389 New best model saved to results_add\c10_vit_tiny_nncl_learnA_lambda0.5_seed42.pth with accuracy: 0.9717
[2025-08-22 06:53:50][INFO] Ep029/60 | LR 1.80e-05 | TrL 0.001 TrAcc 1.000 TrFR 1.000 | VaL 0.142 VaAcc 0.971 VaFR 1.000
[2025-08-22 06:59:00][INFO] Ep030/60 | LR 1.71e-05 | TrL 0.001 TrAcc 1.000 TrFR 1.000 | VaL 0.166 VaAcc 0.968 VaFR 1.000
[2025-08-22 07:04:09][INFO] Ep031/60 | LR 1.63e-05 | TrL 0.001 TrAcc 1.000 TrFR 1.000 | VaL 0.147 VaAcc 0.972 VaFR 1.000
[2025-08-22 07:04:09][INFO] \U0001f389 New best model saved to results_add\c10_vit_tiny_nncl_learnA_lambda0.5_seed42.pth with accuracy: 0.9718
[2025-08-22 07:09:19][INFO] Ep032/60 | LR 1.54e-05 | TrL 0.000 TrAcc 1.000 TrFR 1.000 | VaL 0.152 VaAcc 0.972 VaFR 1.000
[2025-08-22 07:09:19][INFO] \U0001f389 New best model saved to results_add\c10_vit_tiny_nncl_learnA_lambda0.5_seed42.pth with accuracy: 0.9720
[2025-08-22 07:14:28][INFO] Ep033/60 | LR 1.46e-05 | TrL 0.000 TrAcc 1.000 TrFR 1.000 | VaL 0.153 VaAcc 0.972 VaFR 1.000
[2025-08-22 07:14:28][INFO] \U0001f389 New best model saved to results_add\c10_vit_tiny_nncl_learnA_lambda0.5_seed42.pth with accuracy: 0.9724
[2025-08-22 07:19:37][INFO] Ep034/60 | LR 1.37e-05 | TrL 0.000 TrAcc 1.000 TrFR 1.000 | VaL 0.152 VaAcc 0.972 VaFR 1.000
[2025-08-22 07:24:47][INFO] Ep035/60 | LR 1.29e-05 | TrL 0.000 TrAcc 1.000 TrFR 1.000 | VaL 0.152 VaAcc 0.972 VaFR 1.000
[2025-08-22 07:29:55][INFO] Ep036/60 | LR 1.20e-05 | TrL 0.000 TrAcc 1.000 TrFR 1.000 | VaL 0.152 VaAcc 0.973 VaFR 1.000
[2025-08-22 07:29:55][INFO] \U0001f389 New best model saved to results_add\c10_vit_tiny_nncl_learnA_lambda0.5_seed42.pth with accuracy: 0.9725
[2025-08-22 07:35:05][INFO] Ep037/60 | LR 1.12e-05 | TrL 0.000 TrAcc 1.000 TrFR 1.000 | VaL 0.152 VaAcc 0.973 VaFR 1.000
[2025-08-22 07:40:15][INFO] Ep038/60 | LR 1.04e-05 | TrL 0.000 TrAcc 1.000 TrFR 1.000 | VaL 0.152 VaAcc 0.973 VaFR 1.000
[2025-08-22 07:40:15][INFO] \U0001f389 New best model saved to results_add\c10_vit_tiny_nncl_learnA_lambda0.5_seed42.pth with accuracy: 0.9728
[2025-08-22 07:45:25][INFO] Ep039/60 | LR 9.56e-06 | TrL 0.000 TrAcc 1.000 TrFR 1.000 | VaL 0.153 VaAcc 0.973 VaFR 1.000
[2025-08-22 07:50:35][INFO] Ep040/60 | LR 8.77e-06 | TrL 0.000 TrAcc 1.000 TrFR 1.000 | VaL 0.154 VaAcc 0.973 VaFR 1.000
[2025-08-22 07:50:35][INFO] \U0001f389 New best model saved to results_add\c10_vit_tiny_nncl_learnA_lambda0.5_seed42.pth with accuracy: 0.9730
[2025-08-22 07:55:45][INFO] Ep041/60 | LR 8.00e-06 | TrL 0.000 TrAcc 1.000 TrFR 1.000 | VaL 0.154 VaAcc 0.973 VaFR 1.000
[2025-08-22 08:00:54][INFO] Ep042/60 | LR 7.25e-06 | TrL 0.000 TrAcc 1.000 TrFR 1.000 | VaL 0.155 VaAcc 0.973 VaFR 1.000
[2025-08-22 08:06:04][INFO] Ep043/60 | LR 6.53e-06 | TrL 0.000 TrAcc 1.000 TrFR 1.000 | VaL 0.156 VaAcc 0.973 VaFR 1.000
[2025-08-22 08:11:14][INFO] Ep044/60 | LR 5.84e-06 | TrL 0.000 TrAcc 1.000 TrFR 1.000 | VaL 0.156 VaAcc 0.973 VaFR 1.000
[2025-08-22 08:16:23][INFO] Ep045/60 | LR 5.18e-06 | TrL 0.000 TrAcc 1.000 TrFR 1.000 | VaL 0.157 VaAcc 0.973 VaFR 1.000
[2025-08-22 08:21:34][INFO] Ep046/60 | LR 4.55e-06 | TrL 0.000 TrAcc 1.000 TrFR 1.000 | VaL 0.158 VaAcc 0.973 VaFR 1.000
[2025-08-22 08:26:45][INFO] Ep047/60 | LR 3.95e-06 | TrL 0.000 TrAcc 1.000 TrFR 1.000 | VaL 0.158 VaAcc 0.973 VaFR 1.000
[2025-08-22 08:31:54][INFO] Ep048/60 | LR 3.39e-06 | TrL 0.000 TrAcc 1.000 TrFR 1.000 | VaL 0.159 VaAcc 0.973 VaFR 1.000
[2025-08-22 08:37:05][INFO] Ep049/60 | LR 2.86e-06 | TrL 0.000 TrAcc 1.000 TrFR 1.000 | VaL 0.160 VaAcc 0.973 VaFR 1.000
[2025-08-22 08:37:05][INFO] \U0001f389 New best model saved to results_add\c10_vit_tiny_nncl_learnA_lambda0.5_seed42.pth with accuracy: 0.9731
[2025-08-22 08:42:15][INFO] Ep050/60 | LR 2.38e-06 | TrL 0.000 TrAcc 1.000 TrFR 1.000 | VaL 0.161 VaAcc 0.973 VaFR 1.000
[2025-08-22 08:42:15][INFO] \U0001f389 New best model saved to results_add\c10_vit_tiny_nncl_learnA_lambda0.5_seed42.pth with accuracy: 0.9732
[2025-08-22 08:47:25][INFO] Ep051/60 | LR 1.94e-06 | TrL 0.000 TrAcc 1.000 TrFR 1.000 | VaL 0.161 VaAcc 0.973 VaFR 1.000
[2025-08-22 08:52:35][INFO] Ep052/60 | LR 1.54e-06 | TrL 0.000 TrAcc 1.000 TrFR 1.000 | VaL 0.161 VaAcc 0.974 VaFR 1.000
[2025-08-22 08:52:35][INFO] \U0001f389 New best model saved to results_add\c10_vit_tiny_nncl_learnA_lambda0.5_seed42.pth with accuracy: 0.9735
[2025-08-22 08:57:44][INFO] Ep053/60 | LR 1.18e-06 | TrL 0.000 TrAcc 1.000 TrFR 1.000 | VaL 0.162 VaAcc 0.973 VaFR 1.000
[2025-08-22 09:03:08][INFO] Ep054/60 | LR 8.72e-07 | TrL 0.000 TrAcc 1.000 TrFR 1.000 | VaL 0.162 VaAcc 0.973 VaFR 1.000
[2025-08-22 09:08:44][INFO] Ep055/60 | LR 6.08e-07 | TrL 0.000 TrAcc 1.000 TrFR 1.000 | VaL 0.163 VaAcc 0.974 VaFR 1.000
[2025-08-22 09:14:17][INFO] Ep056/60 | LR 3.90e-07 | TrL 0.000 TrAcc 1.000 TrFR 1.000 | VaL 0.163 VaAcc 0.974 VaFR 1.000
[2025-08-22 09:19:42][INFO] Ep057/60 | LR 2.20e-07 | TrL 0.000 TrAcc 1.000 TrFR 1.000 | VaL 0.163 VaAcc 0.974 VaFR 1.000
[2025-08-22 09:25:09][INFO] Ep058/60 | LR 9.78e-08 | TrL 0.000 TrAcc 1.000 TrFR 1.000 | VaL 0.164 VaAcc 0.974 VaFR 1.000
[2025-08-22 09:30:29][INFO] Ep059/60 | LR 2.45e-08 | TrL 0.000 TrAcc 1.000 TrFR 1.000 | VaL 0.164 VaAcc 0.974 VaFR 1.000
[2025-08-22 09:35:56][INFO] Ep060/60 | LR 0.00e+00 | TrL 0.000 TrAcc 1.000 TrFR 1.000 | VaL 0.164 VaAcc 0.974 VaFR 1.000
[2025-08-22 09:35:56][INFO] Loading best model from results_add\c10_vit_tiny_nncl_learnA_lambda0.5_seed42.pth for final evaluation.
[2025-08-22 09:36:47][INFO] [Final Eval] Erasure 0.00 | Acc 0.9735 F1 0.9735 FR 1.0000
[2025-08-22 09:38:00][INFO] [Final Eval] Erasure 0.10 | Acc 0.9735 F1 0.9735 FR 1.0000
[2025-08-22 09:39:17][INFO] [Final Eval] Erasure 0.20 | Acc 0.9735 F1 0.9735 FR 1.0000
[2025-08-22 09:40:38][INFO] [Final Eval] Erasure 0.30 | Acc 0.9735 F1 0.9735 FR 1.0000
[2025-08-22 09:42:07][INFO] [Final Eval] Erasure 0.40 | Acc 0.9735 F1 0.9735 FR 1.0000
[2025-08-22 09:43:48][INFO] [Final Eval] Erasure 0.50 | Acc 0.9735 F1 0.9735 FR 1.0000
[2025-08-22 09:45:38][INFO] [Final Eval] Erasure 0.60 | Acc 0.9735 F1 0.9735 FR 1.0000
[2025-08-22 09:47:24][INFO] [Final Eval] Erasure 0.70 | Acc 0.9735 F1 0.9735 FR 1.0000
[2025-08-22 09:49:11][INFO] [Final Eval] Erasure 0.80 | Acc 0.9735 F1 0.9735 FR 1.0000
[2025-08-22 09:51:07][INFO] [Final Eval] Erasure 0.90 | Acc 0.9735 F1 0.9735 FR 1.0000
[2025-08-22 09:51:07][INFO] All experiment results saved to -> results_add\c10_vit_tiny_nncl_learnA_lambda0.5_seed42_eval90.csv
