[2025-08-21 15:54:57][INFO] CLI arguments: {'dataset': 'cifar10', 'data_root': WindowsPath('data'), 'backbone': 'vit_tiny_patch16_224', 'redundancy': 0.25, 'learnable_A': False, 'no_nncl': True, 'dropout_p': 0.0, 'noise_std': 0.0, 'erasure_rates': [0.0, 0.1, 0.2, 0.3, 0.4, 0.5, 0.6, 0.7, 0.8, 0.9], 'epochs': 60, 'batch': 128, 'warmup_epochs': 5, 'aux_rec_loss': False, 'lambda_rec': 1.0, 'num_workers': 8, 'seed': 42, 'deterministic': False, 'device': 'cuda', 'save_path': 'results_add\\c10_vit_tiny_base_seed42.pth', 'csv_out': WindowsPath('results_add/c10_vit_tiny_base_seed42_eval90.csv'), 'use_masked_var': False, 'lr': 3e-05}
[2025-08-21 15:54:57][INFO] 
==================== Starting Experiment ====================
[2025-08-21 15:54:57][INFO] Backbone: vit_tiny_patch16_224, Dataset: cifar10, Dropout: 0.0, Noise: 0.0, Seed: 42
[2025-08-21 15:54:59][INFO] Loading pretrained weights from Hugging Face hub (timm/vit_tiny_patch16_224.augreg_in21k_ft_in1k)
[2025-08-21 15:54:59][INFO] [timm/vit_tiny_patch16_224.augreg_in21k_ft_in1k] Safe alternative available for 'pytorch_model.bin' (as 'model.safetensors'). Loading weights using safetensors.
[2025-08-21 15:54:59][INFO] Optimizer: AdamW, LR: 3.00e-05, Scheduler: 5-epoch warmup with cosine decay.
[2025-08-21 15:57:33][INFO] Ep001/60 | LR 1.20e-05 | TrL 1.375 TrAcc 0.532 TrFR 1.000 | VaL 0.692 VaAcc 0.767 VaFR 1.000
[2025-08-21 15:57:33][INFO] \U0001f389 New best model saved to results_add\c10_vit_tiny_base_seed42.pth with accuracy: 0.7673
[2025-08-21 16:00:09][INFO] Ep002/60 | LR 1.80e-05 | TrL 0.357 TrAcc 0.879 TrFR 1.000 | VaL 0.206 VaAcc 0.933 VaFR 1.000
[2025-08-21 16:00:09][INFO] \U0001f389 New best model saved to results_add\c10_vit_tiny_base_seed42.pth with accuracy: 0.9329
[2025-08-21 16:02:44][INFO] Ep003/60 | LR 2.40e-05 | TrL 0.145 TrAcc 0.951 TrFR 1.000 | VaL 0.137 VaAcc 0.955 VaFR 1.000
[2025-08-21 16:02:44][INFO] \U0001f389 New best model saved to results_add\c10_vit_tiny_base_seed42.pth with accuracy: 0.9549
[2025-08-21 16:05:29][INFO] Ep004/60 | LR 3.00e-05 | TrL 0.082 TrAcc 0.973 TrFR 1.000 | VaL 0.123 VaAcc 0.960 VaFR 1.000
[2025-08-21 16:05:29][INFO] \U0001f389 New best model saved to results_add\c10_vit_tiny_base_seed42.pth with accuracy: 0.9596
[2025-08-21 16:08:11][INFO] Ep005/60 | LR 3.00e-05 | TrL 0.045 TrAcc 0.985 TrFR 1.000 | VaL 0.135 VaAcc 0.959 VaFR 1.000
[2025-08-21 16:10:45][INFO] Ep006/60 | LR 3.00e-05 | TrL 0.025 TrAcc 0.992 TrFR 1.000 | VaL 0.124 VaAcc 0.965 VaFR 1.000
[2025-08-21 16:10:45][INFO] \U0001f389 New best model saved to results_add\c10_vit_tiny_base_seed42.pth with accuracy: 0.9650
[2025-08-21 16:13:22][INFO] Ep007/60 | LR 2.99e-05 | TrL 0.014 TrAcc 0.996 TrFR 1.000 | VaL 0.137 VaAcc 0.963 VaFR 1.000
[2025-08-21 16:15:58][INFO] Ep008/60 | LR 2.98e-05 | TrL 0.012 TrAcc 0.996 TrFR 1.000 | VaL 0.127 VaAcc 0.966 VaFR 1.000
[2025-08-21 16:15:58][INFO] \U0001f389 New best model saved to results_add\c10_vit_tiny_base_seed42.pth with accuracy: 0.9655
[2025-08-21 16:18:31][INFO] Ep009/60 | LR 2.96e-05 | TrL 0.007 TrAcc 0.998 TrFR 1.000 | VaL 0.134 VaAcc 0.968 VaFR 1.000
[2025-08-21 16:18:31][INFO] \U0001f389 New best model saved to results_add\c10_vit_tiny_base_seed42.pth with accuracy: 0.9676
[2025-08-21 16:21:09][INFO] Ep010/60 | LR 2.94e-05 | TrL 0.010 TrAcc 0.997 TrFR 1.000 | VaL 0.156 VaAcc 0.964 VaFR 1.000
[2025-08-21 16:23:48][INFO] Ep011/60 | LR 2.91e-05 | TrL 0.016 TrAcc 0.994 TrFR 1.000 | VaL 0.174 VaAcc 0.960 VaFR 1.000
[2025-08-21 16:26:22][INFO] Ep012/60 | LR 2.88e-05 | TrL 0.008 TrAcc 0.997 TrFR 1.000 | VaL 0.148 VaAcc 0.967 VaFR 1.000
[2025-08-21 16:28:55][INFO] Ep013/60 | LR 2.85e-05 | TrL 0.008 TrAcc 0.997 TrFR 1.000 | VaL 0.149 VaAcc 0.966 VaFR 1.000
[2025-08-21 16:31:31][INFO] Ep014/60 | LR 2.81e-05 | TrL 0.007 TrAcc 0.998 TrFR 1.000 | VaL 0.148 VaAcc 0.967 VaFR 1.000
[2025-08-21 16:34:02][INFO] Ep015/60 | LR 2.76e-05 | TrL 0.005 TrAcc 0.999 TrFR 1.000 | VaL 0.149 VaAcc 0.969 VaFR 1.000
[2025-08-21 16:34:02][INFO] \U0001f389 New best model saved to results_add\c10_vit_tiny_base_seed42.pth with accuracy: 0.9687
[2025-08-21 16:36:40][INFO] Ep016/60 | LR 2.71e-05 | TrL 0.007 TrAcc 0.998 TrFR 1.000 | VaL 0.151 VaAcc 0.967 VaFR 1.000
[2025-08-21 16:39:20][INFO] Ep017/60 | LR 2.66e-05 | TrL 0.009 TrAcc 0.997 TrFR 1.000 | VaL 0.187 VaAcc 0.960 VaFR 1.000
[2025-08-21 16:41:56][INFO] Ep018/60 | LR 2.61e-05 | TrL 0.007 TrAcc 0.998 TrFR 1.000 | VaL 0.148 VaAcc 0.969 VaFR 1.000
[2025-08-21 16:44:32][INFO] Ep019/60 | LR 2.55e-05 | TrL 0.002 TrAcc 1.000 TrFR 1.000 | VaL 0.147 VaAcc 0.969 VaFR 1.000
[2025-08-21 16:47:10][INFO] Ep020/60 | LR 2.48e-05 | TrL 0.002 TrAcc 1.000 TrFR 1.000 | VaL 0.151 VaAcc 0.969 VaFR 1.000
[2025-08-21 16:47:10][INFO] \U0001f389 New best model saved to results_add\c10_vit_tiny_base_seed42.pth with accuracy: 0.9693
[2025-08-21 16:50:04][INFO] Ep021/60 | LR 2.42e-05 | TrL 0.007 TrAcc 0.998 TrFR 1.000 | VaL 0.160 VaAcc 0.966 VaFR 1.000
[2025-08-21 16:52:46][INFO] Ep022/60 | LR 2.35e-05 | TrL 0.007 TrAcc 0.998 TrFR 1.000 | VaL 0.154 VaAcc 0.966 VaFR 1.000
[2025-08-21 16:55:23][INFO] Ep023/60 | LR 2.27e-05 | TrL 0.002 TrAcc 0.999 TrFR 1.000 | VaL 0.162 VaAcc 0.964 VaFR 1.000
[2025-08-21 16:57:52][INFO] Ep024/60 | LR 2.20e-05 | TrL 0.003 TrAcc 0.999 TrFR 1.000 | VaL 0.148 VaAcc 0.971 VaFR 1.000
[2025-08-21 16:57:52][INFO] \U0001f389 New best model saved to results_add\c10_vit_tiny_base_seed42.pth with accuracy: 0.9705
[2025-08-21 17:00:21][INFO] Ep025/60 | LR 2.12e-05 | TrL 0.001 TrAcc 0.999 TrFR 1.000 | VaL 0.139 VaAcc 0.972 VaFR 1.000
[2025-08-21 17:00:21][INFO] \U0001f389 New best model saved to results_add\c10_vit_tiny_base_seed42.pth with accuracy: 0.9720
[2025-08-21 17:02:50][INFO] Ep026/60 | LR 2.04e-05 | TrL 0.000 TrAcc 1.000 TrFR 1.000 | VaL 0.139 VaAcc 0.972 VaFR 1.000
[2025-08-21 17:05:27][INFO] Ep027/60 | LR 1.96e-05 | TrL 0.005 TrAcc 0.999 TrFR 1.000 | VaL 0.185 VaAcc 0.963 VaFR 1.000
[2025-08-21 17:08:06][INFO] Ep028/60 | LR 1.88e-05 | TrL 0.005 TrAcc 0.998 TrFR 1.000 | VaL 0.155 VaAcc 0.970 VaFR 1.000
[2025-08-21 17:10:35][INFO] Ep029/60 | LR 1.80e-05 | TrL 0.003 TrAcc 0.999 TrFR 1.000 | VaL 0.148 VaAcc 0.971 VaFR 1.000
[2025-08-21 17:13:03][INFO] Ep030/60 | LR 1.71e-05 | TrL 0.001 TrAcc 1.000 TrFR 1.000 | VaL 0.140 VaAcc 0.973 VaFR 1.000
[2025-08-21 17:13:03][INFO] \U0001f389 New best model saved to results_add\c10_vit_tiny_base_seed42.pth with accuracy: 0.9733
[2025-08-21 17:15:31][INFO] Ep031/60 | LR 1.63e-05 | TrL 0.001 TrAcc 1.000 TrFR 1.000 | VaL 0.154 VaAcc 0.971 VaFR 1.000
[2025-08-21 17:18:06][INFO] Ep032/60 | LR 1.54e-05 | TrL 0.001 TrAcc 1.000 TrFR 1.000 | VaL 0.143 VaAcc 0.973 VaFR 1.000
[2025-08-21 17:20:37][INFO] Ep033/60 | LR 1.46e-05 | TrL 0.005 TrAcc 0.998 TrFR 1.000 | VaL 0.158 VaAcc 0.970 VaFR 1.000
[2025-08-21 17:23:06][INFO] Ep034/60 | LR 1.37e-05 | TrL 0.001 TrAcc 1.000 TrFR 1.000 | VaL 0.158 VaAcc 0.971 VaFR 1.000
[2025-08-21 17:25:35][INFO] Ep035/60 | LR 1.29e-05 | TrL 0.000 TrAcc 1.000 TrFR 1.000 | VaL 0.147 VaAcc 0.972 VaFR 1.000
[2025-08-21 17:28:04][INFO] Ep036/60 | LR 1.20e-05 | TrL 0.001 TrAcc 1.000 TrFR 1.000 | VaL 0.151 VaAcc 0.972 VaFR 1.000
[2025-08-21 17:30:31][INFO] Ep037/60 | LR 1.12e-05 | TrL 0.000 TrAcc 1.000 TrFR 1.000 | VaL 0.149 VaAcc 0.972 VaFR 1.000
[2025-08-21 17:32:59][INFO] Ep038/60 | LR 1.04e-05 | TrL 0.000 TrAcc 1.000 TrFR 1.000 | VaL 0.148 VaAcc 0.972 VaFR 1.000
[2025-08-21 17:35:28][INFO] Ep039/60 | LR 9.56e-06 | TrL 0.000 TrAcc 1.000 TrFR 1.000 | VaL 0.148 VaAcc 0.973 VaFR 1.000
[2025-08-21 17:37:56][INFO] Ep040/60 | LR 8.77e-06 | TrL 0.000 TrAcc 1.000 TrFR 1.000 | VaL 0.148 VaAcc 0.974 VaFR 1.000
[2025-08-21 17:37:56][INFO] \U0001f389 New best model saved to results_add\c10_vit_tiny_base_seed42.pth with accuracy: 0.9735
[2025-08-21 17:40:24][INFO] Ep041/60 | LR 8.00e-06 | TrL 0.000 TrAcc 1.000 TrFR 1.000 | VaL 0.149 VaAcc 0.973 VaFR 1.000
[2025-08-21 17:42:51][INFO] Ep042/60 | LR 7.25e-06 | TrL 0.000 TrAcc 1.000 TrFR 1.000 | VaL 0.149 VaAcc 0.973 VaFR 1.000
[2025-08-21 17:45:19][INFO] Ep043/60 | LR 6.53e-06 | TrL 0.000 TrAcc 1.000 TrFR 1.000 | VaL 0.149 VaAcc 0.973 VaFR 1.000
[2025-08-21 17:47:47][INFO] Ep044/60 | LR 5.84e-06 | TrL 0.000 TrAcc 1.000 TrFR 1.000 | VaL 0.150 VaAcc 0.974 VaFR 1.000
[2025-08-21 17:47:47][INFO] \U0001f389 New best model saved to results_add\c10_vit_tiny_base_seed42.pth with accuracy: 0.9737
[2025-08-21 17:50:16][INFO] Ep045/60 | LR 5.18e-06 | TrL 0.000 TrAcc 1.000 TrFR 1.000 | VaL 0.150 VaAcc 0.973 VaFR 1.000
[2025-08-21 17:52:45][INFO] Ep046/60 | LR 4.55e-06 | TrL 0.000 TrAcc 1.000 TrFR 1.000 | VaL 0.151 VaAcc 0.974 VaFR 1.000
[2025-08-21 17:55:13][INFO] Ep047/60 | LR 3.95e-06 | TrL 0.000 TrAcc 1.000 TrFR 1.000 | VaL 0.151 VaAcc 0.974 VaFR 1.000
[2025-08-21 17:57:40][INFO] Ep048/60 | LR 3.39e-06 | TrL 0.000 TrAcc 1.000 TrFR 1.000 | VaL 0.151 VaAcc 0.974 VaFR 1.000
[2025-08-21 18:00:08][INFO] Ep049/60 | LR 2.86e-06 | TrL 0.000 TrAcc 1.000 TrFR 1.000 | VaL 0.152 VaAcc 0.974 VaFR 1.000
[2025-08-21 18:02:36][INFO] Ep050/60 | LR 2.38e-06 | TrL 0.000 TrAcc 1.000 TrFR 1.000 | VaL 0.152 VaAcc 0.973 VaFR 1.000
[2025-08-21 18:05:05][INFO] Ep051/60 | LR 1.94e-06 | TrL 0.000 TrAcc 1.000 TrFR 1.000 | VaL 0.153 VaAcc 0.974 VaFR 1.000
[2025-08-21 18:07:33][INFO] Ep052/60 | LR 1.54e-06 | TrL 0.000 TrAcc 1.000 TrFR 1.000 | VaL 0.153 VaAcc 0.974 VaFR 1.000
[2025-08-21 18:10:01][INFO] Ep053/60 | LR 1.18e-06 | TrL 0.000 TrAcc 1.000 TrFR 1.000 | VaL 0.154 VaAcc 0.974 VaFR 1.000
[2025-08-21 18:12:29][INFO] Ep054/60 | LR 8.72e-07 | TrL 0.000 TrAcc 1.000 TrFR 1.000 | VaL 0.154 VaAcc 0.974 VaFR 1.000
[2025-08-21 18:14:58][INFO] Ep055/60 | LR 6.08e-07 | TrL 0.000 TrAcc 1.000 TrFR 1.000 | VaL 0.154 VaAcc 0.974 VaFR 1.000
[2025-08-21 18:17:26][INFO] Ep056/60 | LR 3.90e-07 | TrL 0.000 TrAcc 1.000 TrFR 1.000 | VaL 0.154 VaAcc 0.974 VaFR 1.000
[2025-08-21 18:19:55][INFO] Ep057/60 | LR 2.20e-07 | TrL 0.000 TrAcc 1.000 TrFR 1.000 | VaL 0.155 VaAcc 0.974 VaFR 1.000
[2025-08-21 18:22:25][INFO] Ep058/60 | LR 9.78e-08 | TrL 0.000 TrAcc 1.000 TrFR 1.000 | VaL 0.155 VaAcc 0.974 VaFR 1.000
[2025-08-21 18:24:53][INFO] Ep059/60 | LR 2.45e-08 | TrL 0.000 TrAcc 1.000 TrFR 1.000 | VaL 0.155 VaAcc 0.974 VaFR 1.000
[2025-08-21 18:27:21][INFO] Ep060/60 | LR 0.00e+00 | TrL 0.000 TrAcc 1.000 TrFR 1.000 | VaL 0.155 VaAcc 0.974 VaFR 1.000
[2025-08-21 18:27:21][INFO] Loading best model from results_add\c10_vit_tiny_base_seed42.pth for final evaluation.
[2025-08-21 18:28:08][INFO] [Final Eval] Erasure 0.00 | Acc 0.9737 F1 0.9737 FR 1.0000
[2025-08-21 18:28:56][INFO] [Final Eval] Erasure 0.10 | Acc 0.9726 F1 0.9726 FR 1.0000
[2025-08-21 18:29:44][INFO] [Final Eval] Erasure 0.20 | Acc 0.9716 F1 0.9716 FR 1.0000
[2025-08-21 18:30:32][INFO] [Final Eval] Erasure 0.30 | Acc 0.9712 F1 0.9712 FR 1.0000
[2025-08-21 18:31:19][INFO] [Final Eval] Erasure 0.40 | Acc 0.9710 F1 0.9710 FR 1.0000
[2025-08-21 18:32:07][INFO] [Final Eval] Erasure 0.50 | Acc 0.9690 F1 0.9690 FR 1.0000
[2025-08-21 18:32:55][INFO] [Final Eval] Erasure 0.60 | Acc 0.9644 F1 0.9644 FR 1.0000
[2025-08-21 18:33:45][INFO] [Final Eval] Erasure 0.70 | Acc 0.9543 F1 0.9543 FR 1.0000
[2025-08-21 18:34:35][INFO] [Final Eval] Erasure 0.80 | Acc 0.9145 F1 0.9143 FR 1.0000
[2025-08-21 18:35:25][INFO] [Final Eval] Erasure 0.90 | Acc 0.7597 F1 0.7594 FR 1.0000
[2025-08-21 18:35:25][INFO] All experiment results saved to -> results_add\c10_vit_tiny_base_seed42_eval90.csv
