[INFO] CLI arguments: {'dataset': 'cifar10', 'data_root': WindowsPath('data'), 'backbones': ['vit_base_patch16_224'], 'redundancy': 0.5, 'learnable_A': False, 'no_nncl': False, 'dropout_rates': [0.2], 'noise_stds': [0.05], 'erasure_rates': [0.0, 0.1, 0.2, 0.3, 0.4, 0.5, 0.6], 'epochs': 120, 'batch': 128, 'warmup_epochs': 5, 'aux_rec_loss': True, 'lambda_rec': 1.0, 'num_workers': 8, 'seed': 42, 'deterministic': False, 'device': 'cuda', 'csv_out': WindowsPath('results/c10_vit_nncl_fixedA.csv'), 'use_masked_var': True, 'lr': 0.0001}
[INFO] 
==================== Starting Experiment ====================
[INFO] Backbone: vit_base_patch16_224, Dataset: cifar10, Dropout: 0.2, Noise: 0.05, Seed: 42
[INFO] Loading pretrained weights from Hugging Face hub (timm/vit_base_patch16_224.augreg2_in21k_ft_in1k)
[INFO] [timm/vit_base_patch16_224.augreg2_in21k_ft_in1k] Safe alternative available for 'pytorch_model.bin' (as 'model.safetensors'). Loading weights using safetensors.
[INFO] Optimizer: AdamW, LR: 1.00e-04, Scheduler: 5-epoch warmup with cosine decay.
[INFO] Ep001/120 | LR 4.00e-05 | TrL 0.210 TrAcc 0.932 TrFR 1.000 | VaL 0.079 VaAcc 0.976 VaFR 1.000
[INFO] Ep002/120 | LR 6.00e-05 | TrL 0.091 TrAcc 0.970 TrFR 1.000 | VaL 0.076 VaAcc 0.975 VaFR 1.000
[INFO] Ep003/120 | LR 8.00e-05 | TrL 0.089 TrAcc 0.970 TrFR 1.000 | VaL 0.081 VaAcc 0.975 VaFR 1.000
[INFO] Ep004/120 | LR 1.00e-04 | TrL 0.096 TrAcc 0.969 TrFR 1.000 | VaL 0.115 VaAcc 0.966 VaFR 1.000
[INFO] Ep005/120 | LR 1.00e-04 | TrL 0.104 TrAcc 0.965 TrFR 1.000 | VaL 0.105 VaAcc 0.966 VaFR 1.000
[INFO] Ep006/120 | LR 1.00e-04 | TrL 0.081 TrAcc 0.972 TrFR 1.000 | VaL 0.107 VaAcc 0.968 VaFR 1.000
[INFO] Ep007/120 | LR 9.99e-05 | TrL 0.072 TrAcc 0.976 TrFR 1.000 | VaL 0.111 VaAcc 0.966 VaFR 1.000
[INFO] Ep008/120 | LR 9.98e-05 | TrL 0.067 TrAcc 0.977 TrFR 1.000 | VaL 0.121 VaAcc 0.963 VaFR 1.000
[INFO] Ep009/120 | LR 9.97e-05 | TrL 0.059 TrAcc 0.980 TrFR 1.000 | VaL 0.123 VaAcc 0.963 VaFR 1.000
[INFO] Ep010/120 | LR 9.95e-05 | TrL 0.059 TrAcc 0.981 TrFR 1.000 | VaL 0.128 VaAcc 0.966 VaFR 1.000
[INFO] Ep011/120 | LR 9.93e-05 | TrL 0.059 TrAcc 0.980 TrFR 1.000 | VaL 0.108 VaAcc 0.969 VaFR 1.000
[INFO] Ep012/120 | LR 9.91e-05 | TrL 0.049 TrAcc 0.984 TrFR 1.000 | VaL 0.126 VaAcc 0.966 VaFR 1.000
[INFO] Ep013/120 | LR 9.88e-05 | TrL 0.050 TrAcc 0.983 TrFR 1.000 | VaL 0.140 VaAcc 0.963 VaFR 1.000
[INFO] Ep014/120 | LR 9.85e-05 | TrL 0.047 TrAcc 0.984 TrFR 1.000 | VaL 0.118 VaAcc 0.968 VaFR 1.000
[INFO] Ep015/120 | LR 9.81e-05 | TrL 0.049 TrAcc 0.984 TrFR 1.000 | VaL 0.135 VaAcc 0.961 VaFR 1.000
[INFO] Ep016/120 | LR 9.78e-05 | TrL 0.043 TrAcc 0.985 TrFR 1.000 | VaL 0.138 VaAcc 0.960 VaFR 1.000
[INFO] Ep017/120 | LR 9.73e-05 | TrL 0.046 TrAcc 0.985 TrFR 1.000 | VaL 0.139 VaAcc 0.961 VaFR 1.000
[INFO] Ep018/120 | LR 9.69e-05 | TrL 0.042 TrAcc 0.986 TrFR 1.000 | VaL 0.147 VaAcc 0.957 VaFR 1.000
[INFO] Ep019/120 | LR 9.64e-05 | TrL 0.041 TrAcc 0.987 TrFR 1.000 | VaL 0.122 VaAcc 0.967 VaFR 1.000
[INFO] Ep020/120 | LR 9.59e-05 | TrL 0.039 TrAcc 0.987 TrFR 1.000 | VaL 0.146 VaAcc 0.960 VaFR 1.000
[INFO] Ep021/120 | LR 9.53e-05 | TrL 0.038 TrAcc 0.988 TrFR 1.000 | VaL 0.178 VaAcc 0.958 VaFR 1.000
[INFO] Ep022/120 | LR 9.47e-05 | TrL 0.038 TrAcc 0.988 TrFR 1.000 | VaL 0.141 VaAcc 0.963 VaFR 1.000
[INFO] Ep023/120 | LR 9.41e-05 | TrL 0.035 TrAcc 0.988 TrFR 1.000 | VaL 0.114 VaAcc 0.968 VaFR 1.000
[INFO] Ep024/120 | LR 9.34e-05 | TrL 0.032 TrAcc 0.989 TrFR 1.000 | VaL 0.150 VaAcc 0.961 VaFR 1.000
[INFO] Ep025/120 | LR 9.27e-05 | TrL 0.033 TrAcc 0.989 TrFR 1.000 | VaL 0.142 VaAcc 0.961 VaFR 1.000
[INFO] Ep026/120 | LR 9.20e-05 | TrL 0.031 TrAcc 0.990 TrFR 1.000 | VaL 0.127 VaAcc 0.965 VaFR 1.000
[INFO] Ep027/120 | LR 9.12e-05 | TrL 0.031 TrAcc 0.989 TrFR 1.000 | VaL 0.155 VaAcc 0.957 VaFR 1.000
[INFO] Ep028/120 | LR 9.05e-05 | TrL 0.030 TrAcc 0.990 TrFR 1.000 | VaL 0.151 VaAcc 0.962 VaFR 1.000
[INFO] Ep029/120 | LR 8.96e-05 | TrL 0.030 TrAcc 0.990 TrFR 1.000 | VaL 0.161 VaAcc 0.959 VaFR 1.000
[INFO] Ep030/120 | LR 8.88e-05 | TrL 0.027 TrAcc 0.992 TrFR 1.000 | VaL 0.144 VaAcc 0.965 VaFR 1.000
[INFO] Ep031/120 | LR 8.79e-05 | TrL 0.028 TrAcc 0.991 TrFR 1.000 | VaL 0.137 VaAcc 0.962 VaFR 1.000
[INFO] Ep032/120 | LR 8.70e-05 | TrL 0.024 TrAcc 0.992 TrFR 1.000 | VaL 0.144 VaAcc 0.964 VaFR 1.000
[INFO] Ep033/120 | LR 8.61e-05 | TrL 0.026 TrAcc 0.991 TrFR 1.000 | VaL 0.181 VaAcc 0.957 VaFR 1.000
[INFO] Ep034/120 | LR 8.51e-05 | TrL 0.028 TrAcc 0.990 TrFR 1.000 | VaL 0.154 VaAcc 0.960 VaFR 1.000
[INFO] Ep035/120 | LR 8.41e-05 | TrL 0.024 TrAcc 0.992 TrFR 1.000 | VaL 0.156 VaAcc 0.964 VaFR 1.000
[INFO] Ep036/120 | LR 8.31e-05 | TrL 0.026 TrAcc 0.991 TrFR 1.000 | VaL 0.133 VaAcc 0.965 VaFR 1.000
[INFO] Ep037/120 | LR 8.21e-05 | TrL 0.021 TrAcc 0.993 TrFR 1.000 | VaL 0.140 VaAcc 0.965 VaFR 1.000
[INFO] Ep038/120 | LR 8.10e-05 | TrL 0.020 TrAcc 0.994 TrFR 1.000 | VaL 0.164 VaAcc 0.962 VaFR 1.000
[INFO] Ep039/120 | LR 7.99e-05 | TrL 0.021 TrAcc 0.993 TrFR 1.000 | VaL 0.129 VaAcc 0.966 VaFR 1.000
[INFO] Ep040/120 | LR 7.88e-05 | TrL 0.020 TrAcc 0.994 TrFR 1.000 | VaL 0.155 VaAcc 0.962 VaFR 1.000
[INFO] Ep041/120 | LR 7.77e-05 | TrL 0.022 TrAcc 0.993 TrFR 1.000 | VaL 0.143 VaAcc 0.966 VaFR 1.000
[INFO] Ep042/120 | LR 7.66e-05 | TrL 0.019 TrAcc 0.994 TrFR 1.000 | VaL 0.141 VaAcc 0.964 VaFR 1.000
[INFO] Ep043/120 | LR 7.54e-05 | TrL 0.018 TrAcc 0.994 TrFR 1.000 | VaL 0.127 VaAcc 0.968 VaFR 1.000
[INFO] Ep044/120 | LR 7.42e-05 | TrL 0.019 TrAcc 0.994 TrFR 1.000 | VaL 0.131 VaAcc 0.965 VaFR 1.000
[INFO] Ep045/120 | LR 7.30e-05 | TrL 0.017 TrAcc 0.995 TrFR 1.000 | VaL 0.143 VaAcc 0.966 VaFR 1.000
[INFO] Ep046/120 | LR 7.18e-05 | TrL 0.017 TrAcc 0.994 TrFR 1.000 | VaL 0.149 VaAcc 0.963 VaFR 1.000
[INFO] Ep047/120 | LR 7.05e-05 | TrL 0.015 TrAcc 0.995 TrFR 1.000 | VaL 0.152 VaAcc 0.966 VaFR 1.000
[INFO] Ep048/120 | LR 6.93e-05 | TrL 0.015 TrAcc 0.995 TrFR 1.000 | VaL 0.141 VaAcc 0.964 VaFR 1.000
[INFO] Ep049/120 | LR 6.80e-05 | TrL 0.015 TrAcc 0.995 TrFR 1.000 | VaL 0.158 VaAcc 0.965 VaFR 1.000
[INFO] Ep050/120 | LR 6.67e-05 | TrL 0.013 TrAcc 0.995 TrFR 1.000 | VaL 0.136 VaAcc 0.965 VaFR 1.000
[INFO] Ep051/120 | LR 6.55e-05 | TrL 0.013 TrAcc 0.996 TrFR 1.000 | VaL 0.162 VaAcc 0.964 VaFR 1.000
[INFO] Ep052/120 | LR 6.41e-05 | TrL 0.017 TrAcc 0.995 TrFR 1.000 | VaL 0.160 VaAcc 0.960 VaFR 1.000
[INFO] Ep053/120 | LR 6.28e-05 | TrL 0.012 TrAcc 0.996 TrFR 1.000 | VaL 0.162 VaAcc 0.964 VaFR 1.000
[INFO] Ep054/120 | LR 6.15e-05 | TrL 0.012 TrAcc 0.996 TrFR 1.000 | VaL 0.140 VaAcc 0.967 VaFR 1.000
[INFO] Ep055/120 | LR 6.02e-05 | TrL 0.010 TrAcc 0.997 TrFR 1.000 | VaL 0.151 VaAcc 0.965 VaFR 1.000
[INFO] Ep056/120 | LR 5.88e-05 | TrL 0.012 TrAcc 0.996 TrFR 1.000 | VaL 0.147 VaAcc 0.967 VaFR 1.000
[INFO] Ep057/120 | LR 5.75e-05 | TrL 0.010 TrAcc 0.997 TrFR 1.000 | VaL 0.160 VaAcc 0.965 VaFR 1.000
[INFO] Ep058/120 | LR 5.61e-05 | TrL 0.011 TrAcc 0.996 TrFR 1.000 | VaL 0.149 VaAcc 0.965 VaFR 1.000
[INFO] Ep059/120 | LR 5.48e-05 | TrL 0.008 TrAcc 0.997 TrFR 1.000 | VaL 0.149 VaAcc 0.969 VaFR 1.000
[INFO] Ep060/120 | LR 5.34e-05 | TrL 0.011 TrAcc 0.996 TrFR 1.000 | VaL 0.166 VaAcc 0.966 VaFR 1.000
[INFO] Ep061/120 | LR 5.20e-05 | TrL 0.010 TrAcc 0.997 TrFR 1.000 | VaL 0.152 VaAcc 0.968 VaFR 1.000
[INFO] Ep062/120 | LR 5.07e-05 | TrL 0.009 TrAcc 0.997 TrFR 1.000 | VaL 0.131 VaAcc 0.970 VaFR 1.000
[INFO] Ep063/120 | LR 4.93e-05 | TrL 0.008 TrAcc 0.997 TrFR 1.000 | VaL 0.140 VaAcc 0.969 VaFR 1.000
[INFO] Ep064/120 | LR 4.80e-05 | TrL 0.008 TrAcc 0.998 TrFR 1.000 | VaL 0.164 VaAcc 0.964 VaFR 1.000
[INFO] Ep065/120 | LR 4.66e-05 | TrL 0.008 TrAcc 0.997 TrFR 1.000 | VaL 0.152 VaAcc 0.967 VaFR 1.000
[INFO] Ep066/120 | LR 4.52e-05 | TrL 0.005 TrAcc 0.998 TrFR 1.000 | VaL 0.167 VaAcc 0.968 VaFR 1.000
[INFO] Ep067/120 | LR 4.39e-05 | TrL 0.007 TrAcc 0.998 TrFR 1.000 | VaL 0.149 VaAcc 0.966 VaFR 1.000
[INFO] Ep068/120 | LR 4.25e-05 | TrL 0.006 TrAcc 0.998 TrFR 1.000 | VaL 0.147 VaAcc 0.970 VaFR 1.000
[INFO] Ep069/120 | LR 4.12e-05 | TrL 0.005 TrAcc 0.998 TrFR 1.000 | VaL 0.188 VaAcc 0.963 VaFR 1.000
[INFO] Ep070/120 | LR 3.98e-05 | TrL 0.006 TrAcc 0.998 TrFR 1.000 | VaL 0.162 VaAcc 0.968 VaFR 1.000
[INFO] Ep071/120 | LR 3.85e-05 | TrL 0.006 TrAcc 0.998 TrFR 1.000 | VaL 0.157 VaAcc 0.969 VaFR 1.000
[INFO] Ep072/120 | LR 3.72e-05 | TrL 0.005 TrAcc 0.998 TrFR 1.000 | VaL 0.152 VaAcc 0.971 VaFR 1.000
[INFO] Ep073/120 | LR 3.59e-05 | TrL 0.003 TrAcc 0.999 TrFR 1.000 | VaL 0.163 VaAcc 0.970 VaFR 1.000
[INFO] Ep074/120 | LR 3.45e-05 | TrL 0.004 TrAcc 0.999 TrFR 1.000 | VaL 0.179 VaAcc 0.968 VaFR 1.000
[INFO] Ep075/120 | LR 3.33e-05 | TrL 0.005 TrAcc 0.998 TrFR 1.000 | VaL 0.160 VaAcc 0.968 VaFR 1.000
[INFO] Ep076/120 | LR 3.20e-05 | TrL 0.005 TrAcc 0.998 TrFR 1.000 | VaL 0.142 VaAcc 0.972 VaFR 1.000
[INFO] Ep077/120 | LR 3.07e-05 | TrL 0.003 TrAcc 0.999 TrFR 1.000 | VaL 0.150 VaAcc 0.971 VaFR 1.000
[INFO] Ep078/120 | LR 2.95e-05 | TrL 0.003 TrAcc 0.999 TrFR 1.000 | VaL 0.161 VaAcc 0.971 VaFR 1.000
[INFO] Ep079/120 | LR 2.82e-05 | TrL 0.002 TrAcc 0.999 TrFR 1.000 | VaL 0.184 VaAcc 0.969 VaFR 1.000
[INFO] Ep080/120 | LR 2.70e-05 | TrL 0.004 TrAcc 0.999 TrFR 1.000 | VaL 0.168 VaAcc 0.968 VaFR 1.000
[INFO] Ep081/120 | LR 2.58e-05 | TrL 0.003 TrAcc 0.999 TrFR 1.000 | VaL 0.161 VaAcc 0.971 VaFR 1.000
[INFO] Ep082/120 | LR 2.46e-05 | TrL 0.002 TrAcc 0.999 TrFR 1.000 | VaL 0.173 VaAcc 0.967 VaFR 1.000
[INFO] Ep083/120 | LR 2.34e-05 | TrL 0.003 TrAcc 0.999 TrFR 1.000 | VaL 0.165 VaAcc 0.970 VaFR 1.000
[INFO] Ep084/120 | LR 2.23e-05 | TrL 0.002 TrAcc 0.999 TrFR 1.000 | VaL 0.161 VaAcc 0.971 VaFR 1.000
[INFO] Ep085/120 | LR 2.12e-05 | TrL 0.003 TrAcc 0.999 TrFR 1.000 | VaL 0.157 VaAcc 0.970 VaFR 1.000
[INFO] Ep086/120 | LR 2.01e-05 | TrL 0.002 TrAcc 0.999 TrFR 1.000 | VaL 0.153 VaAcc 0.971 VaFR 1.000
[INFO] Ep087/120 | LR 1.90e-05 | TrL 0.002 TrAcc 0.999 TrFR 1.000 | VaL 0.159 VaAcc 0.972 VaFR 1.000
[INFO] Ep088/120 | LR 1.79e-05 | TrL 0.001 TrAcc 0.999 TrFR 1.000 | VaL 0.162 VaAcc 0.971 VaFR 1.000
[INFO] Ep089/120 | LR 1.69e-05 | TrL 0.002 TrAcc 0.999 TrFR 1.000 | VaL 0.175 VaAcc 0.969 VaFR 1.000
[INFO] Ep090/120 | LR 1.59e-05 | TrL 0.002 TrAcc 0.999 TrFR 1.000 | VaL 0.158 VaAcc 0.972 VaFR 1.000
[INFO] Ep091/120 | LR 1.49e-05 | TrL 0.001 TrAcc 0.999 TrFR 1.000 | VaL 0.150 VaAcc 0.974 VaFR 1.000
[INFO] Ep092/120 | LR 1.39e-05 | TrL 0.002 TrAcc 0.999 TrFR 1.000 | VaL 0.157 VaAcc 0.972 VaFR 1.000
[INFO] Ep093/120 | LR 1.30e-05 | TrL 0.001 TrAcc 1.000 TrFR 1.000 | VaL 0.155 VaAcc 0.973 VaFR 1.000
[INFO] Ep094/120 | LR 1.21e-05 | TrL 0.001 TrAcc 1.000 TrFR 1.000 | VaL 0.159 VaAcc 0.972 VaFR 1.000
[INFO] Ep095/120 | LR 1.12e-05 | TrL 0.001 TrAcc 1.000 TrFR 1.000 | VaL 0.158 VaAcc 0.973 VaFR 1.000
[INFO] Ep096/120 | LR 1.04e-05 | TrL 0.001 TrAcc 0.999 TrFR 1.000 | VaL 0.149 VaAcc 0.974 VaFR 1.000
[INFO] Ep097/120 | LR 9.55e-06 | TrL 0.001 TrAcc 1.000 TrFR 1.000 | VaL 0.148 VaAcc 0.975 VaFR 1.000
[INFO] Ep098/120 | LR 8.76e-06 | TrL 0.000 TrAcc 1.000 TrFR 1.000 | VaL 0.151 VaAcc 0.975 VaFR 1.000
[INFO] Ep099/120 | LR 8.00e-06 | TrL 0.000 TrAcc 1.000 TrFR 1.000 | VaL 0.157 VaAcc 0.975 VaFR 1.000
[INFO] Ep100/120 | LR 7.28e-06 | TrL 0.001 TrAcc 1.000 TrFR 1.000 | VaL 0.160 VaAcc 0.974 VaFR 1.000
[INFO] Ep101/120 | LR 6.59e-06 | TrL 0.001 TrAcc 1.000 TrFR 1.000 | VaL 0.161 VaAcc 0.975 VaFR 1.000
[INFO] Ep102/120 | LR 5.92e-06 | TrL 0.001 TrAcc 1.000 TrFR 1.000 | VaL 0.158 VaAcc 0.975 VaFR 1.000
[INFO] Ep103/120 | LR 5.30e-06 | TrL 0.000 TrAcc 1.000 TrFR 1.000 | VaL 0.161 VaAcc 0.975 VaFR 1.000
[INFO] Ep104/120 | LR 4.70e-06 | TrL 0.001 TrAcc 1.000 TrFR 1.000 | VaL 0.155 VaAcc 0.977 VaFR 1.000
[INFO] Ep105/120 | LR 4.14e-06 | TrL 0.001 TrAcc 1.000 TrFR 1.000 | VaL 0.163 VaAcc 0.974 VaFR 1.000
[INFO] Ep106/120 | LR 3.61e-06 | TrL 0.001 TrAcc 1.000 TrFR 1.000 | VaL 0.158 VaAcc 0.976 VaFR 1.000
[INFO] Ep107/120 | LR 3.12e-06 | TrL 0.000 TrAcc 1.000 TrFR 1.000 | VaL 0.158 VaAcc 0.975 VaFR 1.000
[INFO] Ep108/120 | LR 2.66e-06 | TrL 0.001 TrAcc 1.000 TrFR 1.000 | VaL 0.161 VaAcc 0.975 VaFR 1.000
[INFO] Ep109/120 | LR 2.24e-06 | TrL 0.000 TrAcc 1.000 TrFR 1.000 | VaL 0.161 VaAcc 0.975 VaFR 1.000
[INFO] Ep110/120 | LR 1.85e-06 | TrL 0.000 TrAcc 1.000 TrFR 1.000 | VaL 0.159 VaAcc 0.975 VaFR 1.000
[INFO] Ep111/120 | LR 1.50e-06 | TrL 0.000 TrAcc 1.000 TrFR 1.000 | VaL 0.157 VaAcc 0.975 VaFR 1.000
[INFO] Ep112/120 | LR 1.19e-06 | TrL 0.000 TrAcc 1.000 TrFR 1.000 | VaL 0.157 VaAcc 0.976 VaFR 1.000
[INFO] Ep113/120 | LR 9.11e-07 | TrL 0.000 TrAcc 1.000 TrFR 1.000 | VaL 0.157 VaAcc 0.976 VaFR 1.000
[INFO] Ep114/120 | LR 6.70e-07 | TrL 0.000 TrAcc 1.000 TrFR 1.000 | VaL 0.158 VaAcc 0.976 VaFR 1.000
[INFO] Ep115/120 | LR 4.66e-07 | TrL 0.000 TrAcc 1.000 TrFR 1.000 | VaL 0.158 VaAcc 0.976 VaFR 1.000
[INFO] Ep116/120 | LR 2.98e-07 | TrL 0.000 TrAcc 1.000 TrFR 1.000 | VaL 0.157 VaAcc 0.976 VaFR 1.000
[INFO] Ep117/120 | LR 1.68e-07 | TrL 0.000 TrAcc 1.000 TrFR 1.000 | VaL 0.157 VaAcc 0.976 VaFR 1.000
[INFO] Ep118/120 | LR 7.46e-08 | TrL 0.000 TrAcc 1.000 TrFR 1.000 | VaL 0.157 VaAcc 0.976 VaFR 1.000
[INFO] Ep119/120 | LR 1.87e-08 | TrL 0.000 TrAcc 1.000 TrFR 1.000 | VaL 0.157 VaAcc 0.976 VaFR 1.000
[INFO] Ep120/120 | LR 0.00e+00 | TrL 0.000 TrAcc 1.000 TrFR 1.000 | VaL 0.157 VaAcc 0.976 VaFR 1.000
[INFO] [Final Eval] Erasure 0.00 | Acc 0.9756 F1 0.9756 FR 1.0000
[INFO] [Final Eval] Erasure 0.10 | Acc 0.9756 F1 0.9756 FR 1.0000
[INFO] [Final Eval] Erasure 0.20 | Acc 0.9756 F1 0.9756 FR 1.0000
[INFO] [Final Eval] Erasure 0.30 | Acc 0.9756 F1 0.9756 FR 1.0000
[INFO] [Final Eval] Erasure 0.40 | Acc 0.9756 F1 0.9756 FR 1.0000
[INFO] [Final Eval] Erasure 0.50 | Acc 0.9756 F1 0.9756 FR 1.0000
[INFO] [Final Eval] Erasure 0.60 | Acc 0.9756 F1 0.9756 FR 1.0000
[INFO] ====================== Finished Experiment ======================

[INFO] All experiment results saved to -> results\c10_vit_nncl_fixedA.csv

--- EXECUTION FINISHED ---
Status: Success
Total Execution Time: 214시간 37분 25.93초
